# 1. RDMS 및 Oracle 소개

## Oracle
- Oracle DBMS는 미국에 본사를 둔 Oracle사에서 공급하는 상용DBMS이다.
- Oracle이 제공하는 DBMS는 다양하고 강력한 기능으로 전 세계적으로 가장 높은 시장 점유율을 가지고 있으며 많은 기업에서 사용된다.
- 이런 특징으로 Oracle DBMS 전문인력에 대한 수요는 매우 높고 개발자들이 참조할 수 있는 Reference와 Commuity는 양과 질의 관점에서 잘 구축돼 있다.

![](./img/oracle.png)
Background Process: 명령어 셋

# 2. Oracle의 주요 개념

## 2.1 Oracle Data Type

### 문자형 Data Type

- 문자 형태를 갖는 Data Type
- 문자 형태는 Data에 저장되는 자료 중 대부분을 점유하는 Type

    - varchar2  VARCHAR2(size [BYTE | CHAR])    //가변형 문자열 저장. 1~4000byte 까지 저장 가능.
    - nvarchar2 NVARCHAR2(size) National Character를 위한 가변 문자열 저장. 1~4000byte까지 저장 가능
    - char  CHAR[(size [BYTE | CHAR])]  고정된 길이 문자열 저장. 1~2000byte까지 저장 가능. 지정된 길이보다 짧은 길이의 자료가 입력될 경우 공백(space) 가 오른쪽에 추가돼 지정된 길이만큼 저장됨.
    - long  LONG    2GB 까지 저장 가능한 가변 길이 문자열 저장. 사용 및 관리상의 문제로 많이 사용하지 않으며 LOB 형태를 사용 할 것을 권함.
    - clob  CLOB    (4 GB -1)*DB_BLOCK_SIZE (8TB to 128TB) 까지의 문자열 저장 가능.

### 실습 2-1 varchar2 Type의 특성

```sql

SQL> drop table tab_test01;
drop table tab_test01
           *
ERROR at line 1:
ORA-00942: table or view does not exist


SQL> create table tab_test01
  2  (
  3    c1 varchar2(10)
  4    ,c2 varchar2(4000)
  5  );

Table created.

SQL>
SQL> insert into tab_test01(c1) values(dbms_random.string('X',10));
# 10byte의 문자열을 생성해 C1칼럼에 입력.
1 row created.

SQL> insert into tab_test01(c1) values(dbms_random.string('X',20));
insert into tab_test01(c1) values(dbms_random.string('X',20))
# 20byte의 문자열을 생성해 C1칼럼에 입력.
                                              *
ERROR at line 1: # 적재 가능한 최대 길이를 초과하므로 실패
ORA-12899: value too large for column "BO"."TAB_TEST01"."C1" (actual: 20,
maximum: 10)


SQL> select lengthb(c1) from tab_test01;

LENGTHB(C1)
-----------
         10

SQL> insert into tab_test01(c2) values(dbms_random.string('X',4000));
# 4000byte로 선언한 C2칼럼에 dbms_random Package의 string Function을 사용해 4000 byte를 생성해 입력

1 row created.

SQL> insert into tab_test01(c2) values(dbms_random.string('X',5000));

1 row created.

SQL> insert into tab_test01(c2) values(rpad('A',5000,'A'));
# varchar2 Type의 return값을 갖는 함수는 최대 4000byte 까지만 return 하기 때문에 오류가 발생하지 않는다.
1 row created.

SQL> select lengthb(c2) from tab_test01 where c2 is not null;

LENGTHB(C2)
-----------
       4000
       4000
       4000

```

C1 칼럼은 10byte, C2 칼럼은 varchar2 Type의 최대 길이인 4000 byte.

dbms_random Package의  string function은 지정한 개수 만큼의 문자열을 생성하고 varchar2 형태로 return 합니다.


### 실습 2-2 varchar2 Type 의 특성 - 최대길이.

```sql
SQL> drop table tab_test01;

Table dropped.

SQL> create table tab_test01
  2  (
  3    c1 varchar2(4000)
  4    ,c2 nvarchar2(2000)
  5  );

Table created.

SQL>
SQL> set serveroutput on
SQL> declare
  2    i number;
  3    v_str varchar2(32767);
  4    v_len1 number;
  5    v_len2 number;
  6  begin
  7    delete tab_test01;
  8    insert into tab_test01(c1) values(dbms_random.string('X',400));
  9    for i in 1..100 loop
 10      v_str:=dbms_random.string('X',400);
 11      select length(c1),lengthb(c1) into v_len1,v_len2 from tab_test01;
 12      dbms_output.put_line('i:' || i || ', length:' || to_char(v_len1) || ', lengthb:' || to_char(v_len2));
 13      update tab_test01 set c1=c1||v_str;
 14    end loop;
 15  end;
 16  /
i:1, length:400, lengthb:400
i:2, length:800, lengthb:800
i:3, length:1200, lengthb:1200
i:4, length:1600, lengthb:1600
i:5, length:2000, lengthb:2000
i:6, length:2400, lengthb:2400
i:7, length:2800, lengthb:2800
i:8, length:3200, lengthb:3200
i:9, length:3600, lengthb:3600
i:10, length:4000, lengthb:4000
declare
*
ERROR at line 1:
ORA-01489: result of string concatenation is too long
ORA-06512: at line 13


SQL>
SQL> set serveroutput on
SQL> declare
  2    i number;
  3    v_str varchar2(32767);
  4    v_len1 number;
  5    v_len2 number;
  6  begin
  7    delete tab_test01;
  8    insert into tab_test01(c2) values(dbms_random.string('X',400));
  9    for i in 1..100 loop
 10      v_str:=dbms_random.string('X',400);
 11      select length(c2),lengthb(c2) into v_len1,v_len2 from tab_test01;
 12      dbms_output.put_line('i:' || i || ', length:' || to_char(v_len1) || ', lengthb:' || to_char(v_len2));
 13      update tab_test01 set c2=c2||v_str;
 14    end loop;
 15  end;
 16  /
i:1, length:400, lengthb:800
i:2, length:800, lengthb:1600
i:3, length:1200, lengthb:2400
i:4, length:1600, lengthb:3200
i:5, length:2000, lengthb:4000
declare
*
ERROR at line 1:
ORA-01489: result of string concatenation is too long
ORA-06512: at line 13

```
> 위 예제는 문자 400개를 초기에 입력후 400개씩 추가해 update한다. 10번째 update를 시도하는 과정에서 오류가 발생하는데 최초 입력된 400개의 문자열에 400개의 문자열이 9번 더 추가되어 400+3200 = 4000 , 4000byte가 소진 됐기 때문이다.


length() 함수는 문자 수를 돌려주는 반면 lengthb() 함수는 byte 수를 돌려준다.

varchar2 Type은 입력된 문자 수와 byte수가 차이 나지 않지만, nvarchar2의 경우 문자당 2byte를 점유하므로 length()함수와 lengthb() 함수의 결과가 다르게 나온다.


### 실습 2-3 char Type의 특성

```sql
SQL> drop table tab_test01;

Table dropped.

SQL> create table tab_test01
  2  (
  3    c1 char(2000)
  4    ,c2 varchar2(2000)
  5  );

Table created.

SQL>
SQL> set serveroutput on
SQL> declare
  2    i number;
  3    v_str varchar2(4000);
  4    v_len1 number;
  5    v_len2 number;
  6  begin
  7    delete tab_test01;
  8    insert into tab_test01(c1) values(dbms_random.string('X',100));
  9    for i in 1..10 loop
 10      v_str:=dbms_random.string('X',100);
 11      select length(c1),lengthb(c1) into v_len1,v_len2 from tab_test01;
 12      dbms_output.put_line('i:' || i || ', length:' || to_char(v_len1) || ', lengthb:' || to_char(v_len2));
 13      update tab_test01 set c1=c1||v_str;
 14    end loop;
 15  end;
 16  /
i:1, length:2000, lengthb:2000
declare
*
ERROR at line 1:
ORA-12899: value too large for column "BO"."TAB_TEST01"."C1" (actual: 2100, maximum: 2000)
ORA-06512: at line 13


SQL> insert into tab_test01(c1,c2) values(rpad('A',10,'A'),rpad('A',10,'A'));

1 row created.

SQL> select length(c1),length(c2) from tab_test01;

LENGTH(C1) LENGTH(C2)
---------- ----------
      2000         10
```

> C1은 char Type으로 2000 byte 크기로 선언. 2-2와 같이 update 도중 오류가 발생하는데 같은이유로 오류발생. 하지만 varchar2는 10byte만 입력하면 10byte만 사용하지만 char는 한번 입력시 2000byte를 점유한다.

### 실습 2-4 varchar2 컬럼과 char 컬럼의 비교

```sql
SQL> delete tab_test01;

1 row deleted.

SQL> insert into tab_test01(c1,c2) values('A','A');

1 row created.

SQL>
SQL> col c1 form a20
SQL> col c2 form a20
SQL>
SQL> select trim(c1) c1,c2,length(c1),length(c2) from tab_test01 where c1='A';

C1                   C2                   LENGTH(C1) LENGTH(C2)
-------------------- -------------------- ---------- ----------
A                    A                          2000          1

1 row selected.

SQL> select trim(c1) c1,c2,length(c1),length(c2) from tab_test01 where c2='A';

C1                   C2                   LENGTH(C1) LENGTH(C2)
-------------------- -------------------- ---------- ----------
A                    A                          2000          1

1 row selected.

SQL> select trim(c1) c1,c2,length(c1),length(c2) from tab_test01 where c1=c2;

no rows selected

SQL>
SQL> select trim(c1) c1,c2,length(c1),length(c2) from tab_test01 where trim(c1)=c2;

C1                   C2                   LENGTH(C1) LENGTH(C2)
-------------------- -------------------- ---------- ----------
A                    A                          2000          1

1 row selected.

SQL> select trim(c1) c1,c2,length(c1),length(c2) from tab_test01 where c1=rpad(c2,2000,' ');

C1                   C2                   LENGTH(C1) LENGTH(C2)
-------------------- -------------------- ---------- ----------
A                    A                          2000          1

```
> C1은 char(10), C2는 varchar2(10)로 정의되어 있다. 양쪽 컬럼에 모두 'A'를 입력하고 C1='A', C2='A'로 검색해 보면 검색이 잘된다. 하지만 C1=C2로 비교를 하면 결과가 나오지 않는다.

> 상수값 'A' 가 입력된 경우는 길이를 동일하게 만들어 처리해 비교하지만, varchar2는 공백을 붙여 비교하는 대상이 되지 않으므로 char Type과 비교 시 길이가 달라 동일한 자료로 인식되지 못한다. 의미적으로 동일한 자료가 char, varchar2로 저장돼 있다면 이들 값에 대한 비교 시 위의 예시처럼 trim()함수를 통해 불필요한 공백을 제거하거나 char , nchar등에서 처리하는 것처럼 rpad() 함수를 통해 길이가 짧은 문자열에 공백을 추가해야한다.

- Character 값 비교 법칙
    Data type 이 char, nchar 이거나 외부에서 상수로 입력되는 경우 한 쪽이 공백이 추가된 상태라면 길이가 짧은쪽에 공백을 추가해 전체 길이를 동일하게 만들어 비교합니다.


### 숫자형 Data Type

- number

type 지정방식: NUMBER((p,[s]))
type 설명: 1~22 byte 크기를 갖는 숫자 형태를 지정.
          Precison P와 Scale S를 가짐.(P는 전체 길이, S 는 소수점 이하 정밀도)
          소수점 앞자리에는 P-S 자릿수 만큼의 숫자 입력 가능

숫자형 Data Type중 가장 일반적으로 사용되는 것은 number Type 이다. 다른 type도 있지만 자주 사용하지는 않으며 대부분 number 타입으로 대체가 가능하다. number는 일반적으로 precision이나 scale를 지정하기도 한다.

### 실습 2-8 number
```sql
SQL> drop table tab_test01;

Table dropped.

SQL> create table tab_test01
  2  (
  3    c1  varchar2(1)
  4    ,n1 number(5)
  5    ,n2 number(5,3)
  6    ,n3 number(5,5)
  7    ,n4 number(5,7)
  8    ,n5 number(3,-5)
  9    ,n6 number
 10  );

Table created.

SQL> insert into tab_test01(c1,n1) values('1',12345.12345);

1 row created.

SQL> insert into tab_test01(c1,n2) values('2',12.12);

1 row created.

SQL> insert into tab_test01(c1,n2) values('3',123.12);
insert into tab_test01(c1,n2) values('3',123.12)
                                         *
ERROR at line 1:
ORA-01438: value larger than specified precision allowed for this column


SQL> insert into tab_test01(c1,n2) values('4',12.12345);

1 row created.

SQL> insert into tab_test01(c1,n3) values('5',1.12345);
insert into tab_test01(c1,n3) values('5',1.12345)
                                         *
ERROR at line 1:
ORA-01438: value larger than specified precision allowed for this column


SQL> insert into tab_test01(c1,n3) values('6',0.12345);

1 row created.

SQL> insert into tab_test01(c1,n4) values('7',0.0012345);

1 row created.

SQL> insert into tab_test01(c1,n5) values('8',12345678.123);

1 row created.

SQL> insert into tab_test01(c1,n6) values('9',12345.12345);

1 row created.

SQL>
SQL> select *
  2  from tab_test01
  3  order by c1;

C1                           N1         N2         N3         N4         N5         N6
-------------------- ---------- ---------- ---------- ---------- ---------- ----------
1                         12345
2                                    12.12
4                                   12.123
6                                              .12345
7                                                       .0012345
8                                                                  12300000
9                                                                           12345.1235

7 rows selected.
```

> 소수점 앞에 나올 수 있는 숫자의 자릿수는 Precision - Scale 만큼만 올 수 있다. 이보다 클 경우 세 번째 또는 다섯 번째 사례처럼 오류가 발생하게 된다. 하지만  Scale이 부족할 경우 네 번째 사례처럼 반올림 처리되 오류 없이 입력이 가능하다. Scale 값이 음수일 경우 Precison + Scale 만큼의 자릿수가 소수점 앞에 나올 수 있다. 이중 Scale 수 만큼은 0으로 처리된다. 9 번째 사례의 경우 입력된 숫자에 대해 자동으로 반올림되 표시되어 있지만 실제로는 입력한 숫자 그대로 저장되어 있다. to_char()함수를 적용하면 원래 입력한 값 그대로 확인이 가능하다.

### 날짜형 Data Type

연도, 날짜, 시간 등의 정보를 갖는 Data Type 입니다. 대부분의 Data Type은 저장된 값과 표현되는 값이 일치하며 표현되는 과정에서 약산의 형태적인 변화가 있을 수 있지만 
> 날짜형 Data Type의 경우 표현 방법에 따라 완전히 다른 형태의 값으로 표현이 가능하며 경우에 따라 의도치 않게 전달 될 수 있습니다.

- date
    - Type 지정방식: DATE
    - Type 설명: 기원전 4712년 1월 1일부터 9999년 12월 31일까지의 연, 월, 일, 시, 분, 초의 자료를 저장.

- timestamp
    - Type 지정방식: TIMESTAMP[(fractional_second_precision)]
    - Type 설명: date_Type의 자료에 1초 이하의 시간 정보를 추가적으로 저장할 수 있는 Data Type
    fracional_second_precision는 1초 미만의 자릿수를 의미하며 9자리까지 가능.
    기본값은 6이지만 실제 제공되는 값은 플랫폼에 따라 다를 수 있음.

date Type은 연, 월, 일 값 외에도 시, 분, 초 값을 갖기 때문에 개발자들이 꽤 많이 잘못 사용하기도 하는 Data Type입니다.

### 실습 2-9 date Type 의 특성.
```sql
SQL> create table tab_test01
  2  (
  3  d1 date
  4  );

Table created.

SQL> insert into tab_test01(d1) values(to_date('20170304','YYYYMMDD'));

1 row created.

SQL> select to_char(d1,'YY/MM/DD') from tab_test01;

TO_CHAR(
--------
17/03/04

SQL> select to_char(d1,'MM/DD/YY') from tab_test01;

TO_CHAR(
--------
03/04/17

SQL> select to_char(d1,'DD/MM/YY') from tab_test01;

TO_CHAR(
--------
04/03/17

SQL> select to_char(d1,'YYYY.MM.DD') from tab_test01;

TO_CHAR(D1
----------
2017.03.04

SQL> select to_char(d1+100,'YYYY.MM.DD') from tab_test01;

TO_CHAR(D1
----------
2017.06.12

SQL>

```
date Type의 값은 sysdate 함수나 to_date() 함수를 사용해 입력 및 처리가 가능합니다. date Type의 특징은 입력된 값을 여러 가지 형태로 표현 할수 있다는 점 입니다. 위와 같이 2017년 3월 4일 값을 Table에 입력한 후 추출할때 어떤 형식으로 추출할지를 Format model을 통해 지정하면 여러 가지 형태로 보여질 수 있습니다. 
> 따라서 date type을 표현할때 다른 사람들과 합의 없이 사용할 경우 잘못된 값을 전달할 수 있다는 점을 주의해야 합니다.

 위 실습에서 date Type을 표현할 때 to_char() 함수를 통해 Format model을 지정해 표현하였지만, 기본적으로 date_Type은 아래와 같이 nls_date_format 환경변수의 영향을 받는다.

```sql
SQL> alter session set nls_date_format='YYYY.MM.DD HH24:MI:SS';

Session altered.

SQL> select sysdate from dual;

SYSDATE
-------------------
2017.05.22 19:20:04

SQL> alter session set nls_date_format='MM/DD/YYYY';

Session altered.

SQL> select sysdate from dual;

SYSDATE
----------
05/22/2017
```

## 2.2 Format Model

Format Model은 날짜 또는 숫자 Type의 값들을 표현하기 위해 사용하는 문자값이다.

- , (9,999):
    지정된 위치에 , 표현
- . (9.999):
    지정한 위치에 . 표현. 숫자값을 표현하는 Format Model에서 1번만 등장할 수 있다.
- 0 (0999):
    자릿수를 채우기 위해 0을 앞에 추가.
- 9 (999):
    지정된 개수만큼 숫자로 표현.
- X (XX|xx):
    대문자 또는 소문자 형태로 16진수 표현.
```sql
SQL> select to_char(12345,'99,999') from dual;

TO_CHAR
-------
 12,345

SQL> select to_char(12345.678,'99,999.99') from dual;

TO_CHAR(12
----------
 12,345.68

SQL> select to_char(89,'099') from dual;

TO_C
----
 089

SQL> select to_char(789,'099') from dual;

TO_C
----
 789

SQL> select to_char(6789,'099') from dual;

TO_C
----
####

SQL> select to_char(89,'999') from dual;

TO_C
----
  89

SQL> select to_char(789,'999') from dual;

TO_C
----
 789

SQL> select to_char(6789,'999') from dual;

TO_C
----
####

SQL> select to_char(214,'xx') from dual;

TO_
---
 d6

```

0 또는 9와 같이 숫자의 표현 길이를 지정 할 수 있는 Format Model을 사용 할 경우 #으로 표현되 자료가 보이지 않을 수 있다.
날자 Type에 적용 가능한 Format Element는 다양하다. 이런 Format Model을 어떻게 적용하는가에 따라 동일한 날짜가 타입의 값이 완전이 다른 방식으로 표현될 수 있다.
```sql
SQL> alter session set nls_date_format='YYYY.MM.DD HH24:MI:SS';

Session altered.

SQL> select to_date('20170815101523','YYYYMMDDHH24MISS') from dual;

TO_DATE('2017081510
-------------------
2017.08.15 10:15:23

SQL> select to_char(sysdate,'YYYY')||'년 '||to_char(sysdate,'Q')||'분기' from dual;

TO_CHAR(SYSD
------------
2017년 2분기

SQL> select to_char(sysdate+90,'MONTH'),to_char(sysdate+90,'MON') from dual;

TO_CHAR(SYSDA TO_CHA
------------- ------
AUGUST        AUG

SQL> select '오늘은 '||to_char(sysdate,'YYYY')||'년의 '||to_char(sysdate,'WW')||'번째 주이고, '||to_char(sysdate,'MM')||'월의 '||to_char(sysdate,'W')|
|'번째 주입니다.' from dual;

'오늘은'||TO_CHAR(SYSDATE,'YYYY')||'년의'||TO_CHAR(SY
-----------------------------------------------------
오늘은 2017년의 21번째 주이고, 05월의 4번째 주입니다.

SQL> select '오늘은 '||to_char(sysdate,'YYYY')||'년의 '||to_char(sysdate,'DDD')||'번째 날이고, '||to_char(sysdate,'MM')||'월의 '||to_char(sysdate,'DD'
)||'번째 일이며, '||to_char(sysdate,'W')||'번째 주의 '||to_char(sysdate,'D')||'번째 날입니다.' from dual;

'오늘은'||TO_CHAR(SYSDATE,'YYYY')||'년의'||TO_CHAR(SYSDATE,'DDD')||'번째날이고,'
--------------------------------------------------------------------------------
오늘은 2017년의 143번째 날이고, 05월의 23번째 일이며, 4번째 주의 3번째 날입니다.

SQL> select to_char(systimestamp,'HH24:MI:SS.FF') from dual;

TO_CHAR(SYSTIMESTA
------------------
09:43:02.425000
```

## 2.3 Data 비교

### Data 비교 일반

Data의 비교는 비교 대상이 동등한 것인지 어느 한 쪽이 큰것인지를 정하는 방법을 의미한다. 경우에 따라서 비교가 무의미한 경우도 있다. 오카릌은 RDBMS를 기본으로 하고 있기 때문에 Data ㄱ밧의 비교는 매우 중요하다. 서로다른 테이블들이 동일한 값을 통해 연결되거나 외부에서 입력되는 값에 대해 동일한 겂을 검색해 사는 것이 매우 일반적으로 수행되기 때문디ㅏ. 데이터베이스세상이 모두 문자형의 Data로만 구성되어 있다면 크게 문제가 없지만, 많은 종류에 Data Type이 존재한다. 숫자형 또는 날짜형 data type의 경우 Data비교 법칙은 명확하다. 값의 동등성 및 고저의 비교가 쉬운편이다. 날짜형 data type은 format model을 적용하지 않았거나 동일하게 적용했을때 이야기다.

문자형 data type은 서로 동일한 type이면 큰 문제가 없다. 하지만 공백을 포함하는 char와 같은 경우,다른 데이터 타입이 비교되는 경우, NULL이 비교되는 경우등 의도치 않게 성능 문제를 유발하는 경우가 있다.

기본적으로 문자형 Data Type은 문자열에서는 앞쪽에 큰 값을 가지는 문자열이 큰 것으로 평가되며 공백은 다른 문자와 비교시 가장 작은 값으로 평가된다.

- 문자값 크기 비교

    - Binary 비교: 문자값이 Encoding 된 순서대로 평가하는 방법으로 속도가 빠름, ASCII코드에서는 대문자 후 소문자가 나오므로 소문자가 더 크지만 EBCDIC 코드에서는 반대로 평가

    - Linguistic 비교: 문자의 Encoding 순서가 아닌 특정 언어에 맞도록 변환된 순서로 평가. Monolingual sort에서는 Major Value와 Minor Value를 통해 이 단계로 평가.

- 공백 존재에 따른 비교

    - 공백이 추가된 문자열 비교: 비교 대상 중 하나에 공백이 존재해 길이가 다른 경우 오라클은 길이가 짧은 문자열에 공백을 추가해 동일한 길이로 만든 후 비교. 이 방법은 칼럼의 자료형이 CHAR, NCHAR이거나 Text Literal이거나 사용자 함수로부터 추출된 결과일 경우만 해당.

    - 공백이 추가되지 않은 문자열 비교: 길이가 동일하고 서로 다른 문자가 준재하지 않을 경우 비교대상은 동일한 것으로 평가. 문자열 중 앞쪽에 위치한 문자가 큰 경우 해당 문자열이 더 큰 것으로 평가. 동일한 문자열이 존재하며 한 문자열이 또 다른 문자를 포함해 길이가 길 경우 문자열이 더 큰 것으로 평가한다.

